// Jest Snapshot v1, https://goo.gl/fbAQLP

exports[`Home renders correctly 1`] = `
<View
  style={
    Object {
      "display": "flex",
      "flex": 1,
      "flexDirection": "column",
    }
  }
>
  <View
    accessible={true}
    focusable={true}
    isTVSelectable={true}
    onClick={[Function]}
    onResponderGrant={[Function]}
    onResponderMove={[Function]}
    onResponderRelease={[Function]}
    onResponderTerminate={[Function]}
    onResponderTerminationRequest={[Function]}
    onStartShouldSetResponder={[Function]}
    style={
      Object {
        "alignItems": "center",
        "backgroundColor": "#007aff",
        "borderBottomWidth": null,
        "borderColor": "#007aff",
        "borderLeftWidth": null,
        "borderRadius": 5,
        "borderRightWidth": null,
        "borderTopWidth": null,
        "borderWidth": undefined,
        "elevation": 2,
        "flexDirection": "row",
        "height": 45,
        "justifyContent": "space-between",
        "opacity": 1,
        "paddingBottom": 6,
        "paddingTop": 6,
        "shadowColor": undefined,
        "shadowOffset": undefined,
        "shadowOpacity": undefined,
        "shadowRadius": undefined,
      }
    }
  >
    <Text
      style={
        Object {
          "backgroundColor": "transparent",
          "color": "#fff",
          "fontFamily": "System",
          "fontSize": 16.5,
          "marginLeft": 0,
          "marginRight": 0,
          "paddingLeft": 16,
          "paddingRight": 16,
        }
      }
      uppercase={false}
    >
      Go to profile
    </Text>
  </View>
  <RCTScrollView
    horizontal={false}
    style={
      Object {
        "flex": 1,
      }
    }
  >
    <View>
      <View
        style={
          Object {
            "elevation": 1,
            "marginVertical": 10,
            "shadowColor": "#000",
            "shadowOffset": Object {
              "height": 2,
              "width": 0,
            },
            "shadowOpacity": 0.4,
            "shadowRadius": 2,
          }
        }
      >
        <View
          accessible={true}
          focusable={true}
          isTVSelectable={true}
          onClick={[Function]}
          onResponderGrant={[Function]}
          onResponderMove={[Function]}
          onResponderRelease={[Function]}
          onResponderTerminate={[Function]}
          onResponderTerminationRequest={[Function]}
          onStartShouldSetResponder={[Function]}
          style={
            Object {
              "display": "flex",
              "flexDirection": "row",
              "justifyContent": "center",
              "opacity": 1,
            }
          }
        >
          <View
            style={
              Array [
                Object {
                  "alignItems": "center",
                  "borderRadius": 7,
                  "display": "flex",
                  "flexDirection": "row",
                  "height": 80,
                  "width": "90%",
                },
                Object {
                  "backgroundColor": "orange",
                },
              ]
            }
          >
            <View
              style={
                Object {
                  "marginLeft": 20,
                  "marginRight": 20,
                }
              }
            >
              <Text />
            </View>
            <Text
              style={
                Object {
                  "color": "white",
                  "fontSize": 20,
                  "fontWeight": "bold",
                }
              }
            >
              Date & Time
            </Text>
          </View>
        </View>
      </View>
      <View
        style={
          Object {
            "elevation": 1,
            "marginVertical": 10,
            "shadowColor": "#000",
            "shadowOffset": Object {
              "height": 2,
              "width": 0,
            },
            "shadowOpacity": 0.4,
            "shadowRadius": 2,
          }
        }
      >
        <View
          accessible={true}
          focusable={true}
          isTVSelectable={true}
          onClick={[Function]}
          onResponderGrant={[Function]}
          onResponderMove={[Function]}
          onResponderRelease={[Function]}
          onResponderTerminate={[Function]}
          onResponderTerminationRequest={[Function]}
          onStartShouldSetResponder={[Function]}
          style={
            Object {
              "display": "flex",
              "flexDirection": "row",
              "justifyContent": "center",
              "opacity": 1,
            }
          }
        >
          <View
            style={
              Array [
                Object {
                  "alignItems": "center",
                  "borderRadius": 7,
                  "display": "flex",
                  "flexDirection": "row",
                  "height": 80,
                  "width": "90%",
                },
                Object {
                  "backgroundColor": "tomato",
                },
              ]
            }
          >
            <View
              style={
                Object {
                  "marginLeft": 20,
                  "marginRight": 20,
                }
              }
            >
              <Text />
            </View>
            <Text
              style={
                Object {
                  "color": "white",
                  "fontSize": 20,
                  "fontWeight": "bold",
                }
              }
            >
              IOS Photos
            </Text>
          </View>
        </View>
      </View>
      <View
        style={
          Object {
            "elevation": 1,
            "marginVertical": 10,
            "shadowColor": "#000",
            "shadowOffset": Object {
              "height": 2,
              "width": 0,
            },
            "shadowOpacity": 0.4,
            "shadowRadius": 2,
          }
        }
      >
        <View
          accessible={true}
          focusable={true}
          isTVSelectable={true}
          onClick={[Function]}
          onResponderGrant={[Function]}
          onResponderMove={[Function]}
          onResponderRelease={[Function]}
          onResponderTerminate={[Function]}
          onResponderTerminationRequest={[Function]}
          onStartShouldSetResponder={[Function]}
          style={
            Object {
              "display": "flex",
              "flexDirection": "row",
              "justifyContent": "center",
              "opacity": 1,
            }
          }
        >
          <View
            style={
              Array [
                Object {
                  "alignItems": "center",
                  "borderRadius": 7,
                  "display": "flex",
                  "flexDirection": "row",
                  "height": 80,
                  "width": "90%",
                },
                Object {
                  "backgroundColor": "black",
                },
              ]
            }
          >
            <View
              style={
                Object {
                  "marginLeft": 20,
                  "marginRight": 20,
                }
              }
            >
              <Text />
            </View>
            <Text
              style={
                Object {
                  "color": "white",
                  "fontSize": 20,
                  "fontWeight": "bold",
                }
              }
            >
              Alexa wake-up
            </Text>
          </View>
        </View>
      </View>
    </View>
  </RCTScrollView>
  <View
    style={
      Object {
        "backgroundColor": "black",
        "bottom": 0,
        "display": "flex",
        "flexDirection": "row",
        "height": 120,
        "justifyContent": "center",
      }
    }
  >
    <View
      accessible={true}
      focusable={true}
      isTVSelectable={true}
      onClick={[Function]}
      onResponderGrant={[Function]}
      onResponderMove={[Function]}
      onResponderRelease={[Function]}
      onResponderTerminate={[Function]}
      onResponderTerminationRequest={[Function]}
      onStartShouldSetResponder={[Function]}
      style={
        Object {
          "alignItems": "center",
          "backgroundColor": "grey",
          "borderBottomWidth": null,
          "borderColor": "#007aff",
          "borderLeftWidth": null,
          "borderRadius": 25,
          "borderRightWidth": null,
          "borderTopWidth": null,
          "borderWidth": undefined,
          "elevation": 2,
          "flexDirection": "row",
          "height": 45,
          "justifyContent": "space-between",
          "marginTop": 20,
          "opacity": 1,
          "paddingBottom": 6,
          "paddingTop": 6,
          "shadowColor": undefined,
          "shadowOffset": undefined,
          "shadowOpacity": undefined,
          "shadowRadius": undefined,
          "width": 120,
        }
      }
    >
      <Text
        style={
          Array [
            Object {
              "backgroundColor": "transparent",
              "color": "#fff",
              "fontFamily": "System",
              "fontSize": 16.5,
              "marginLeft": 0,
              "marginRight": 0,
              "paddingLeft": 16,
              "paddingRight": 16,
            },
            Object {
              "color": "white",
              "fontSize": 20,
              "fontWeight": "bold",
            },
          ]
        }
        uppercase={false}
      >
        Get more
      </Text>
    </View>
  </View>
  <Modal
    animationType="fade"
    hardwareAccelerated={false}
    onRequestClose={[Function]}
    supportedOrientations={
      Array [
        "portrait",
        "portrait-upside-down",
        "landscape",
        "landscape-left",
        "landscape-right",
      ]
    }
    transparent={true}
    visible={false}
  >
    <View
      onLayout={[Function]}
      style={
        Array [
          Array [
            Object {
              "backgroundColor": "#00000077",
              "flex": 1,
            },
            Object {},
          ],
          Object {
            "paddingBottom": 0,
          },
        ]
      }
    >
      <View
        accessible={true}
        focusable={true}
        isTVSelectable={true}
        onClick={[Function]}
        onResponderGrant={[Function]}
        onResponderMove={[Function]}
        onResponderRelease={[Function]}
        onResponderTerminate={[Function]}
        onResponderTerminationRequest={[Function]}
        onStartShouldSetResponder={[Function]}
        style={
          Object {
            "backgroundColor": "transparent",
            "flex": 1,
            "opacity": 1,
          }
        }
      />
      <View
        onMoveShouldSetResponder={[Function]}
        onMoveShouldSetResponderCapture={[Function]}
        onResponderEnd={[Function]}
        onResponderGrant={[Function]}
        onResponderMove={[Function]}
        onResponderReject={[Function]}
        onResponderRelease={[Function]}
        onResponderStart={[Function]}
        onResponderTerminate={[Function]}
        onResponderTerminationRequest={[Function]}
        onStartShouldSetResponder={[Function]}
        onStartShouldSetResponderCapture={[Function]}
        style={
          Object {
            "backgroundColor": "#fff",
            "borderTopLeftRadius": 10,
            "borderTopRightRadius": 10,
            "height": 0,
            "overflow": "hidden",
            "transform": Array [
              Object {
                "translateX": 0,
              },
              Object {
                "translateY": 0,
              },
            ],
            "width": "100%",
          }
        }
      >
        <View
          style={
            Object {
              "alignItems": "center",
              "backgroundColor": "transparent",
              "width": "100%",
            }
          }
        >
          <View
            style={
              Array [
                Object {
                  "backgroundColor": "#ccc",
                  "borderRadius": 5,
                  "height": 5,
                  "margin": 10,
                  "width": 35,
                },
                Object {
                  "backgroundColor": "black",
                },
              ]
            }
          />
        </View>
        <RCTScrollView>
          <View>
            <View
              style={
                Object {
                  "display": "flex",
                  "flexDirection": "row",
                  "justifyContent": "center",
                  "width": "100%",
                }
              }
            >
              <TextInput
                allowFontScaling={true}
                onChangeText={[Function]}
                placeholder="Search"
                placeholderTextColor="#ddd"
                rejectResponderTermination={true}
                style={
                  Object {
                    "borderColor": "#ccc",
                    "borderRadius": 10,
                    "borderWidth": 3,
                    "color": "black",
                    "fontSize": 18,
                    "fontWeight": "bold",
                    "height": 60,
                    "marginTop": 25,
                    "paddingLeft": 10,
                    "width": "90%",
                  }
                }
                underlineColorAndroid="transparent"
              />
            </View>
            <View
              style={
                Object {
                  "display": "flex",
                  "flexDirection": "row",
                }
              }
            >
              <Text
                style={
                  Array [
                    Object {
                      "color": "#000",
                      "fontFamily": "System",
                      "fontSize": 16,
                    },
                    Object {
                      "color": "black",
                      "fontSize": 13,
                      "fontWeight": "700",
                      "padding": 20,
                    },
                  ]
                }
                uppercase={false}
              >
                Make your own Applets from scratch
              </Text>
              <View
                accessible={true}
                focusable={false}
                isTVSelectable={true}
                onClick={[Function]}
                onResponderGrant={[Function]}
                onResponderMove={[Function]}
                onResponderRelease={[Function]}
                onResponderTerminate={[Function]}
                onResponderTerminationRequest={[Function]}
                onStartShouldSetResponder={[Function]}
                style={
                  Object {
                    "alignItems": "center",
                    "alignSelf": "center",
                    "backgroundColor": "black",
                    "borderBottomWidth": null,
                    "borderColor": "#007aff",
                    "borderLeftWidth": null,
                    "borderRadius": 20,
                    "borderRightWidth": null,
                    "borderTopWidth": null,
                    "borderWidth": undefined,
                    "elevation": 2,
                    "flexDirection": "column",
                    "height": 35,
                    "justifyContent": "center",
                    "opacity": 1,
                    "paddingBottom": 6,
                    "paddingTop": 6,
                    "shadowColor": undefined,
                    "shadowOffset": undefined,
                    "shadowOpacity": undefined,
                    "shadowRadius": undefined,
                    "width": 90,
                  }
                }
              >
                <Text />
              </View>
            </View>
            <View
              style={
                Object {
                  "elevation": 1,
                  "marginVertical": 10,
                  "shadowColor": "#000",
                  "shadowOffset": Object {
                    "height": 2,
                    "width": 0,
                  },
                  "shadowOpacity": 0.4,
                  "shadowRadius": 2,
                }
              }
            >
              <View
                accessible={true}
                focusable={false}
                isTVSelectable={true}
                onClick={[Function]}
                onResponderGrant={[Function]}
                onResponderMove={[Function]}
                onResponderRelease={[Function]}
                onResponderTerminate={[Function]}
                onResponderTerminationRequest={[Function]}
                onStartShouldSetResponder={[Function]}
                style={
                  Object {
                    "display": "flex",
                    "flexDirection": "row",
                    "justifyContent": "center",
                    "opacity": 1,
                  }
                }
              >
                <View
                  style={
                    Object {
                      "backgroundColor": "black",
                      "borderRadius": 7,
                      "height": 150,
                      "width": "95%",
                    }
                  }
                >
                  <View
                    style={
                      Object {
                        "margin": 10,
                      }
                    }
                  >
                    <Text
                      style={
                        Object {
                          "color": "white",
                          "fontSize": 25,
                          "fontWeight": "bold",
                          "padding": 20,
                        }
                      }
                    >
                      Get the weather forecast every day at 7:00 AM
                    </Text>
                  </View>
                  <View
                    style={
                      Object {
                        "alignItems": "flex-end",
                        "display": "flex",
                        "flexDirection": "row",
                        "justifyContent": "flex-end",
                        "marginBottom": 15,
                        "paddingBottom": 20,
                      }
                    }
                  >
                    <View>
                      <Text />
                    </View>
                    <View
                      style={
                        Object {
                          "marginHorizontal": 10,
                        }
                      }
                    >
                      <Text />
                    </View>
                  </View>
                </View>
              </View>
            </View>
            <View
              style={
                Object {
                  "elevation": 1,
                  "marginVertical": 10,
                  "shadowColor": "#000",
                  "shadowOffset": Object {
                    "height": 2,
                    "width": 0,
                  },
                  "shadowOpacity": 0.4,
                  "shadowRadius": 2,
                }
              }
            >
              <View
                accessible={true}
                focusable={false}
                isTVSelectable={true}
                onClick={[Function]}
                onResponderGrant={[Function]}
                onResponderMove={[Function]}
                onResponderRelease={[Function]}
                onResponderTerminate={[Function]}
                onResponderTerminationRequest={[Function]}
                onStartShouldSetResponder={[Function]}
                style={
                  Object {
                    "display": "flex",
                    "flexDirection": "row",
                    "justifyContent": "center",
                    "opacity": 1,
                  }
                }
              >
                <View
                  style={
                    Object {
                      "backgroundColor": "black",
                      "borderRadius": 7,
                      "height": 150,
                      "width": "95%",
                    }
                  }
                >
                  <View
                    style={
                      Object {
                        "margin": 10,
                      }
                    }
                  >
                    <Text
                      style={
                        Object {
                          "color": "white",
                          "fontSize": 25,
                          "fontWeight": "bold",
                          "padding": 20,
                        }
                      }
                    >
                      Get the weather forecast every day at 7:00 AM
                    </Text>
                  </View>
                  <View
                    style={
                      Object {
                        "alignItems": "flex-end",
                        "display": "flex",
                        "flexDirection": "row",
                        "justifyContent": "flex-end",
                        "marginBottom": 15,
                        "paddingBottom": 20,
                      }
                    }
                  >
                    <View>
                      <Text />
                    </View>
                    <View
                      style={
                        Object {
                          "marginHorizontal": 10,
                        }
                      }
                    >
                      <Text />
                    </View>
                  </View>
                </View>
              </View>
            </View>
            <View
              style={
                Object {
                  "elevation": 1,
                  "marginVertical": 10,
                  "shadowColor": "#000",
                  "shadowOffset": Object {
                    "height": 2,
                    "width": 0,
                  },
                  "shadowOpacity": 0.4,
                  "shadowRadius": 2,
                }
              }
            >
              <View
                accessible={true}
                focusable={false}
                isTVSelectable={true}
                onClick={[Function]}
                onResponderGrant={[Function]}
                onResponderMove={[Function]}
                onResponderRelease={[Function]}
                onResponderTerminate={[Function]}
                onResponderTerminationRequest={[Function]}
                onStartShouldSetResponder={[Function]}
                style={
                  Object {
                    "display": "flex",
                    "flexDirection": "row",
                    "justifyContent": "center",
                    "opacity": 1,
                  }
                }
              >
                <View
                  style={
                    Object {
                      "backgroundColor": "black",
                      "borderRadius": 7,
                      "height": 150,
                      "width": "95%",
                    }
                  }
                >
                  <View
                    style={
                      Object {
                        "margin": 10,
                      }
                    }
                  >
                    <Text
                      style={
                        Object {
                          "color": "white",
                          "fontSize": 25,
                          "fontWeight": "bold",
                          "padding": 20,
                        }
                      }
                    >
                      Get the weather forecast every day at 7:00 AM
                    </Text>
                  </View>
                  <View
                    style={
                      Object {
                        "alignItems": "flex-end",
                        "display": "flex",
                        "flexDirection": "row",
                        "justifyContent": "flex-end",
                        "marginBottom": 15,
                        "paddingBottom": 20,
                      }
                    }
                  >
                    <View>
                      <Text />
                    </View>
                    <View
                      style={
                        Object {
                          "marginHorizontal": 10,
                        }
                      }
                    >
                      <Text />
                    </View>
                  </View>
                </View>
              </View>
            </View>
          </View>
        </RCTScrollView>
      </View>
    </View>
  </Modal>
</View>
`;
